// Jest Snapshot v1, https://goo.gl/fbAQLP

exports[`Stage renders UI as expected 1`] = `
<div
  className="stage"
>
  <div
    className="student"
  >
    <h4>
      Rachel
    </h4>
  </div>
  <div>
    <img
      alt="a robot"
      className="icon"
      href="https://robohash.org/itaquevoluptatumrerum.jpg?size=200x200&set=set1"
    />
  </div>
</div>
`;
